// Jest Snapshot v1, https://goo.gl/fbAQLP

exports[`last Snapshot to Post 1`] = `
<div
  className="modal modal-open"
  id="postModal"
>
  <div
    className="modal-dialog"
  >
    <div
      className="modal-heard modal-post"
    >
      <span
        onClick={undefined}
      />
      <input
        defaultValue={undefined}
        placeholder="Title post"
        type="text"
      />
    </div>
    <div
      className="modal-content modal-post"
    >
      <textarea
        defaultValue={undefined}
        placeholder="Body post"
      />
      <div
        className="modal-footer"
      >
        <select
          onChange={undefined}
        >
          <option
            value="none"
          >
            Save as?
          </option>
          <option
            className="udacity"
            value="{category}"
          >
            Udacity
          </option>
          <option
            className="react"
            value="{category}"
          >
            React
          </option>
          <option
            className="redux"
            value="{category}"
          >
            Redux
          </option>
        </select>
      </div>
    </div>
  </div>
</div>
`;
