// Jest Snapshot v1, https://goo.gl/fbAQLP

exports[`last Snapshot 1`] = `
Array [
  <div
    className="post-comments-title"
>
    <span>
        Commentes(
        2
        )
    </span>
    <div
        className="order-options"
    >
        <select
            onChange={[Function]}
        >
            <option
                value="voteScore"
            >
                Vote Score
            </option>
            <option
                value="publishedDate"
            >
                Published date
            </option>
        </select>
    </div>
</div>,
  <div
    className="post-page-comments"
>
    <div
        className="post-comment"
    >
        <div
            className="post-comment-author"
        >
            by 
            thingtwo
             
            a year ago
        </div>
        <div>
            Hi there! I am a COMMENT.
        </div>
        <div
            className="post-comment-footer"
        >
            <button
                className="edit-button"
                href="/"
                onClick={[Function]}
            >
                Edit
            </button>
            <button
                className="delete-button"
                onClick={[Function]}
            >
                Delete
            </button>
            <button
                className="liked"
                onClick={[Function]}
            >
                Liked 
                <span>
                    6
                </span>
            </button>
            <button
                className="not-liked"
                onClick={[Function]}
            >
                Not like
            </button>
        </div>
    </div>
    <div
        className="post-comment"
    >
        <div
            className="post-comment-author"
        >
            by 
            thingone
             
            a year ago
        </div>
        <div>
            Comments. Are. Cool.
        </div>
        <div
            className="post-comment-footer"
        >
            <button
                className="edit-button"
                href="/"
                onClick={[Function]}
            >
                Edit
            </button>
            <button
                className="delete-button"
                onClick={[Function]}
            >
                Delete
            </button>
            <button
                className="liked"
                onClick={[Function]}
            >
                Liked 
                <span>
                    -5
                </span>
            </button>
            <button
                className="not-liked"
                onClick={[Function]}
            >
                Not like
            </button>
        </div>
    </div>
</div>,
]
`;
