// Jest Snapshot v1, https://goo.gl/fbAQLP

exports[`last Snapshot 1`] = `
<div
  className="modal-short modal-open"
  onClick={[Function]}
>
  <div
    className="modal-short-dialog"
  >
    <h1>
      Question?
      <a
        className="yes"
        onClick={[Function]}
      >
        Yes? 
      </a>
      or 
      <a
        className="no"
        onClick={[Function]}
      >
        No?
      </a>
    </h1>
  </div>
</div>
`;
